10-04 17:19:06.915 28980 29001 I ActivityThread: TrafficStats init done
10-04 17:19:06.941 28980 29001 I ActivityThread: Miui Feature Init done
10-04 17:19:06.962 28980 29027 I MCAM_PerformanceManager: [P_PERFORM]: check result: mIsOriginApp = true
10-04 17:19:06.978 28980 29031 D CameraInjector: waitForResult: 
10-04 17:19:06.982 28980 29031 D CameraInjector: waitForResult: 
10-04 17:19:06.982 28980 29031 D CameraInjector: waitForResult: 
10-04 17:19:06.982 28980 29031 D CameraInjector: waitForResult: 
10-04 17:19:06.982 28980 29031 D CameraInjector: waitForResult: 
10-04 17:19:08.103 29064 29083 I ActivityThread: TrafficStats init done
10-04 17:19:08.119 29064 29083 I ActivityThread: Miui Feature Init done
10-04 17:19:09.328 29099 29118 I ActivityThread: TrafficStats init done
10-04 17:19:09.356 29099 29118 I ActivityThread: Miui Feature Init done
10-04 17:19:11.645 29132 29152 I ActivityThread: TrafficStats init done
10-04 17:19:11.671 29132 29152 I ActivityThread: Miui Feature Init done
10-04 17:19:11.685 29132 29177 I MCAM_PerformanceManager: [P_PERFORM]: check result: mIsOriginApp = true
10-04 17:19:11.695 29132 29180 D CameraInjector: waitForResult: 
10-04 17:19:11.703 29132 29180 D CameraInjector: waitForResult: 
10-04 17:19:11.703 29132 29180 D CameraInjector: waitForResult: 
10-04 17:19:11.703 29132 29180 D CameraInjector: waitForResult: 
10-04 17:19:11.703 29132 29180 D CameraInjector: waitForResult: 
10-04 17:19:11.948  1816  2075 I TEEC    : invoke, command=0x00000001, result=0x00000000, oresult=0x00000004, res=0x00000000
10-04 17:19:11.970  3627  3627 I FingerprintCallback: sendAcquiredResult acquireInfo=6, vendorCode=22
10-04 17:19:12.006  1816  2075 I TEEC    : invoke, command=0x00000001, result=0x00000000, oresult=0x00000004, res=0x00000000
10-04 17:19:12.006  3627  3627 I FingerprintCallback: sendAcquiredResult acquireInfo=0, vendorCode=0
10-04 17:19:12.008  2448  3308 D BaseClientMonitor: marking operation as done: {[304] com.android.server.biometrics.sensors.fingerprint.aidl.FingerprintAuthenticationClient, proto=3, owner=com.android.systemui, cookie=0, requestId=119, userId=0}
10-04 17:19:12.008  1374  1374 I SensorHal: batch:232, android.sensor.light, handle=20, period=200000000, max_latency=0 request completed
10-04 17:19:12.009  2448  3308 W FingerprintServiceInjectorStubImpl: recordAuthResult, packName: com.android.systemui, authen1
10-04 17:19:12.010  1633  2016 I TEEC    : invoke, command=0x00000000, result=0x00000000, oresult=0x00000004, res=0x00000000
10-04 17:19:12.014  3627  3652 I IPCThreadState: oneway function results for code 255 on binder at 0xb4000073b3bbfaa0 will be dropped but finished with status UNKNOWN_TRANSACTION
10-04 17:19:12.039  7317  7935 I lyra-msg-act: ActuatorControl::StartDiscoveryInner:418 StartDiscovery result: 0
10-04 17:19:12.044  3627  3627 D KeyguardViewMediator: readyForKeyguardDone
10-04 17:19:12.045  3627  3627 D KeyguardViewMediator: keyguardDone
10-04 17:19:12.045  3627  3627 D KeyguardViewMediator: tryKeyguardDone: pending - false, animRan - false animRunning - false
10-04 17:19:12.045  3627  3627 D KeyguardViewMediator: tryKeyguardDone: starting pre-hide animation
10-04 17:19:12.045  3627  3627 D KeyguardViewMediator: tryKeyguardDone: pending - false, animRan - true animRunning - false
10-04 17:19:12.045  3627  3627 D KeyguardViewMediator: handleKeyguardDone
10-04 17:19:12.046  1473  4389 I IPCThreadState: oneway function results for code 79 on binder at 0xb400007d706c8bc0 will be dropped but finished with status 1 (Unknown error -1)
10-04 17:19:12.051  7317  7982 I lyra-ble-scan_cb: BleScanCallback::PostDelayScanResultSuccess:91 this 0xb4000073c3b3d190 -> 0xb4000074b3adb8a8 delay_ms 100
10-04 17:19:12.062  2448  2683 W WindowManager: Setting mKeyguardDrawComplete
10-04 17:19:12.062  2448  2683 I FoldScreenListenerStubImpl: On keyguard drawn complete
10-04 17:19:12.062  2448  2683 I FoldScreenListenerStubImpl: Keyguard draw complete took 16 ms
10-04 17:19:12.063  5890  6466 I AppPredictResultHelper: updatePreferenceStore: size = 24
10-04 17:19:12.078  3627  3627 D KeyguardViewMediator: readyForKeyguardDone
10-04 17:19:12.092 29225 29249 I ActivityThread: TrafficStats init done
10-04 17:19:12.094  1374  1374 I SensorHal: batch:232, android.sensor.device_orientation, handle=69, period=66667000, max_latency=0 request completed
10-04 17:19:12.097  1374  1374 I SensorHal: activate:200, android.sensor.device_orientation, handle=69 en=1 completed
10-04 17:19:12.097  3332  3340 I WifiHAL : Done!
10-04 17:19:12.101 29225 29249 I ActivityThread: Miui Feature Init done
10-04 17:19:12.108  3332  3340 I WifiHAL : Done!
10-04 17:19:12.110  3332  3340 I WifiHAL : Done!
10-04 17:19:12.118  1374  1374 I SensorHal: batch:232, xiaomi.sensor.oem_amd, handle=140, period=200000000, max_latency=0 request completed
10-04 17:19:12.120  1374  1374 I SensorHal: activate:200, xiaomi.sensor.oem_amd, handle=140 en=1 completed
10-04 17:19:12.127  1816  2075 I TEEC    : invoke, command=0x00000001, result=0x00000000, oresult=0x00000004, res=0x00000000
10-04 17:19:12.135  1393  1487 D MiDSPP  : setColorMode set mode:4 ppMode:257 over done.... ret 0
10-04 17:19:12.143  1393  1487 D MiDSPP  : setColorMode set mode:4 ppMode:257 over done.... ret 0
10-04 17:19:12.151  7317  7982 I lyra-disc: DiscoveryPlatformBle::OnScanResult:214 code=0
10-04 17:19:12.152  7317  7979 I lyra-msg-act: ActuatorControl::StartDiscoveryInner:413 start discovery result: 0, msg: success
10-04 17:19:12.152  7317  7982 I lyra-disc: DiscoveryPlatformBle::OnScanResult:214 code=0
10-04 17:19:12.159  3627  3627 D MiuiBlurUtils: clearContainerPassBlur result :false, view: com.miui.clock.classic.ClassicClockView{55b5a24 V.E...... ......ID 0,0-2136,969}
10-04 17:19:12.159  3627  3627 D MiuiBlurUtils: clearContainerPassBlur result :false, view: com.miui.clock.classic.ClassicClockView{55b5a24 V.E...... ......ID 0,0-2136,969}
10-04 17:19:12.165  7317  7317 I lyra-ble-advertising: BleAdvCallback::OnBleAdvStarted:67 ownAddr [] txPower 1 result 0 for proxy 0xb4000073c3accd80 adv 0xb400007353abe2b0
10-04 17:19:12.165  7317  7982 I lyra-ble-advertising: BleAdvertising::OnAdvStarted:363 cb_obj [handle: 0, stoping: 0, obj: 0xb4000073d3ab61d0, adv_cb_: 0xb400007353abe2b0, proxy_cb: 0xb4000073c3accd80] result 0
10-04 17:19:12.165  7317  7982 I lyra-adv: AdvertisingPlatformBleWrap::OnAdvStarted:315 adv result address=, adv_handle=0, status=0
10-04 17:19:12.179 30403 30451 I bluetooth: le_advertising_manager.cc:1763 on_set_advertising_set_random_address_complete: update random address for advertising set 1 : xx:xx:xx:xx:a5:fc
10-04 17:19:12.185 29132 29280 W XMPush-29132: [Tid:52515] (Local) begin execute onCommandResult, command=register, resultCode=0, reason=null
10-04 17:19:12.185 29132 29280 I MiPushMessageReceiver: onCommandResult: register
10-04 17:19:12.185 29132 29280 I MiPushMessageReceiver: onCommandResult, mRegId:P760CW6i1hFyoGXjrrjc072Lf3IRmyfOPiKB0c34t/WRz4hHr3uWg5PXV0WcQ2tG
10-04 17:19:12.185 29132 29280 I MiPushMessageReceiver: onReceiveRegisterResult: register
10-04 17:19:12.185 29132 29280 I MiPushMessageReceiver: onReceiveRegisterResult, mRegId: P760CW6i1hFyoGXjrrjc072Lf3IRmyfOPiKB0c34t/WRz4hHr3uWg5PXV0WcQ2tG
10-04 17:19:12.185 29132 29280 W XMPush-29132: [Tid:52515] (Local) begin execute onCommandResult, command=subscribe-topic, resultCode=0, reason=null
10-04 17:19:12.185 29132 29280 I MiPushMessageReceiver: onCommandResult: subscribe-topic
10-04 17:19:12.185 29132 29280 I MiPushMessageReceiver: onCommandResult, mTopic:topic_cloud_config_message
10-04 17:19:12.195  1816  2075 I TEEC    : invoke, command=0x00000001, result=0x00000000, oresult=0x00000004, res=0x00000000
10-04 17:19:12.196  1816  2075 I [GF_HAL][gf_hal_milan]: [hal_milan_print_kpi_info] matcher_result = 0
10-04 17:19:12.196  1816  2075 I [GF_HAL][gf_hal_milan]: [hal_milan_print_kpi_info] is_dl_result = 1
10-04 17:19:12.196  1816  2075 I [GF_HAL][gf_hal_milan]: [hal_milan_print_kpi_info] palm_system_result = 0
10-04 17:19:12.196  1816  2075 I [GF_HAL][gf_hal_milan]: [hal_milan_print_kpi_info] max_dl_score_palm_result = 0
10-04 17:19:12.196  1816  2075 I TEEC    : invoke, command=0x00000001, result=0x00000000, oresult=0x00000004, res=0x00000000
10-04 17:19:12.253  1816  2075 I TEEC    : invoke, command=0x00000003, result=0x00000000, oresult=0x00000004, res=0x00000000
10-04 17:19:12.267  1374  1374 I SensorHal: batch:232, xiaomi.sensor.screen_down, handle=93, period=1000000000, max_latency=0 request completed
10-04 17:19:12.275  1374  1374 I SensorHal: activate:200, xiaomi.sensor.screen_down, handle=93 en=1 completed
10-04 17:19:12.276  1374  1374 I SensorHal: batch:232, xiaomi.sensor.knuckle, handle=97, period=200000000, max_latency=0 request completed
10-04 17:19:12.280  1374  1374 I SensorHal: activate:200, xiaomi.sensor.knuckle, handle=97 en=1 completed
10-04 17:19:12.453  1816  2075 I TEEC    : invoke, command=0x00000001, result=0x00000000, oresult=0x00000004, res=0x00000000
10-04 17:19:12.608  1447  3231 D AF::Track: setFadeOut Done
10-04 17:19:12.640  3627  3627 W KeyguardUnlock: doResumeOnTopAnima onComplete:
10-04 17:19:12.646  3627  3627 D KeyguardViewMediator: readyForKeyguardDone
10-04 17:19:12.677  5890  6466 I AppPredictResultHelper: updatePreferenceStore: size = 24
10-04 17:19:12.759 29290 29309 I ActivityThread: TrafficStats init done
10-04 17:19:12.788 29290 29309 I ActivityThread: Miui Feature Init done
10-04 17:19:12.803 29290 29324 W XMPush-29290: [Tid:52481] (Local) begin execute onCommandResult, command=register, resultCode=0, reason=null
10-04 17:19:12.810 29290 29324 W XMPush-29290: [Tid:52481] (Local) begin execute onCommandResult, command=subscribe-topic, resultCode=0, reason=null
10-04 17:19:13.176  6645 32419 I AIRC_[Geek]_GeekHelper: isGeekTimeValid result:true
10-04 17:19:13.176 21503  4803 I CallProvider: METHOD_GET_SUB_SCREEN_PACKAGE_LIST resultList: []
10-04 17:19:13.178  6645 32419 I AIRC_PerceptionEventBus: event=ScreenLockEvent,traceId=ScreenLockPerception send result=true
10-04 17:19:13.250 29335 29355 I ActivityThread: TrafficStats init done
10-04 17:19:13.264 29335 29355 I ActivityThread: Miui Feature Init done
10-04 17:19:13.407  2448  2507 D WifiNl80211Manager: Scan result ready event
10-04 17:19:13.407  2448  2507 D WifiNative: Scan result ready event
10-04 17:19:13.422  3601  3601 D HighSpeedTrainModeController: receive actionandroid.net.wifi.SCAN_RESULTS
10-04 17:19:13.422  5377  5377 I WifiMonitor: receive Broadcast SCAN_RESULTS_AVAILABLE_ACTION,updated:true
10-04 17:19:13.432  2448  3342 E AppScanObserverService: Result available, null observers for user: 0
10-04 17:19:13.921  2448  2699 W BroadcastQueue: SmartPower Denial: receiving Intent { act=android.net.wifi.SCAN_RESULTS flg=0x4000010 (has extras) } ordered=false from android (uid 1000) to ProcessRecord{27b913e 31919:com.tencent.mm/u0a262}
10-04 17:19:13.921  5351  5351 I WifiMonitor: receive Broadcast SCAN_RESULTS_AVAILABLE_ACTION,updated:true
10-04 17:19:13.921  2448  2699 W BroadcastQueue: SmartPower Denial: receiving Intent { act=android.net.wifi.SCAN_RESULTS flg=0x4000010 (has extras) } ordered=false from android (uid 1000) to ProcessRecord{27b913e 31919:com.tencent.mm/u0a262}
10-04 17:19:13.952  6645 32419 I AIRC_PerceptionEventBus: event=WifiScanEvent,traceId=79577b293b8442a5b69f16832a1e772b send result=true
10-04 17:19:13.976  2448  6277 D WifiNl80211Manager: Scan result ready event
10-04 17:19:13.976  2448  6277 D WifiNative: Scan result ready event
10-04 17:19:13.981  2448  2507 D WifiNl80211Manager: Scan result ready event
10-04 17:19:13.981  2448  2507 D WifiNative: Scan result ready event
10-04 17:19:13.984  3601  3601 D HighSpeedTrainModeController: receive actionandroid.net.wifi.SCAN_RESULTS
10-04 17:19:13.984  5377  5377 I WifiMonitor: receive Broadcast SCAN_RESULTS_AVAILABLE_ACTION,updated:true
10-04 17:19:13.989  5377  5377 I WifiMonitor: receive Broadcast SCAN_RESULTS_AVAILABLE_ACTION,updated:true
10-04 17:19:13.989  3601  3601 D HighSpeedTrainModeController: receive actionandroid.net.wifi.SCAN_RESULTS
10-04 17:19:13.992  2448  3342 E AppScanObserverService: Result available, null observers for user: 0
10-04 17:19:13.993  2448  3342 E AppScanObserverService: Result available, null observers for user: 0
10-04 17:19:14.168  3374  3855 I MirrorDesktopHelper: isDesktopCallbackValid result = true
10-04 17:19:14.178  3374  3855 I MirrorDesktopHelper: isDesktopCallbackValid result = true
10-04 17:19:14.181  3374  3855 I MirrorDesktopHelper: isDesktopCallbackValid result = true
10-04 17:19:14.181  3374  3855 I MirrorDesktopHelper: isDesktopCallbackValid result = true
10-04 17:19:14.489  5351  5351 I WifiMonitor: receive Broadcast SCAN_RESULTS_AVAILABLE_ACTION,updated:true
10-04 17:19:14.491  2448  2699 W BroadcastQueue: SmartPower Denial: receiving Intent { act=android.net.wifi.SCAN_RESULTS flg=0x4000010 (has extras) } ordered=false from android (uid 1000) to ProcessRecord{27b913e 31919:com.tencent.mm/u0a262}
10-04 17:19:14.492  2448  2699 W BroadcastQueue: SmartPower Denial: receiving Intent { act=android.net.wifi.SCAN_RESULTS flg=0x4000010 (has extras) } ordered=false from android (uid 1000) to ProcessRecord{27b913e 31919:com.tencent.mm/u0a262}
10-04 17:19:14.913 29411 29431 I ActivityThread: TrafficStats init done
10-04 17:19:14.920 29411 29431 I ActivityThread: Miui Feature Init done
10-04 17:19:14.944 29411 29459 I MCAM_PerformanceManager: [P_PERFORM]: check result: mIsOriginApp = true
10-04 17:19:14.953 29411 29462 D CameraInjector: waitForResult: 
10-04 17:19:14.958 29411 29462 D CameraInjector: waitForResult: 
10-04 17:19:14.958 29411 29462 D CameraInjector: waitForResult: 
10-04 17:19:14.958 29411 29462 D CameraInjector: waitForResult: 
10-04 17:19:14.958 29411 29462 D CameraInjector: waitForResult: 
10-04 17:19:15.199  5351  5517 D MetokFileLogger: logInfo msg:10-04 17:19:15.198 - =MI NLP=request called to code=5 fix time 1232 ms, result code 0 , resultInfo 
10-04 17:19:15.213  6645 32419 I AIRC_[Geek]_GeekHelper: isGeekTimeValid result:true
10-04 17:19:15.213  6645 32419 I AIRC_LocationPerception: updateLocation checkResult=true
10-04 17:19:15.214  6645 32419 I AIRC_[Geek]_GeekHelper: isGeekTimeValid result:true
10-04 17:19:15.214  6645 32419 I AIRC_PerceptionEventBus: event=GeoLocationChangeEvent,traceId=745befcad4a54f9a99e8e485c2113aaa send result=true
10-04 17:19:15.225  6645 32444 I AIRC_[Geek]_GeekResultHandler: handleGeekEvent event=112, geekSwitch=true
10-04 17:19:15.225  6645 32444 I AIRC_[Geek]_GeekResultHandler: actualHandleGeekEvent not handle event=112
10-04 17:19:16.056 29508 29528 I ActivityThread: TrafficStats init done
10-04 17:19:16.065 29508 29528 I ActivityThread: Miui Feature Init done
10-04 17:19:17.130  1374  1374 I SensorHal: batch:232, android.sensor.step_detector, handle=56, period=200000000, max_latency=0 request completed
10-04 17:19:17.137  1374  1374 I SensorHal: activate:200, android.sensor.step_detector, handle=56 en=1 completed
10-04 17:19:27.569  2448  4027 D MiuiFreeFormGestureController: deliverResultForFinishActivity resultTo: null resultFrom: ActivityRecord{f0c66e7 u0 com.mira.com/.whisper.WhisperStep3Activity t773 f}} isInVideoOrGameScene: false intent: Intent { flg=0x10000000 cmp=com.mira.com/.whisper.WhisperStep3Activity }
10-04 17:19:27.585  2448  3787 D WindowManager: Set transition=TransitionRecord{efed85e id=2871 type=CLOSE flags=0x0}, ready=true, SyncId=2871 info=used=true, override=false, defer=0, states=Display{#0 state=ON size=2136x3200 ROTATION_0}:true reason=com.android.server.wm.Transition.setReady:1166 com.android.server.wm.TransitionController.setReady:1089 com.android.server.wm.TransitionController.setReady:1094 com.android.server.wm.DisplayContent.executeAppTransition:6377 com.android.server.wm.RootWindowContainer.executeAppTransitionForAllDisplay:2698 com.android.server.wm.ActivityTaskSupervisor.reportResumedActivityLocked:2253 com.android.server.wm.ActivityRecord.completeResumeLocked:7788 com.android.server.wm.TaskFragment.resumeTopActivity:1894 
10-04 17:19:30.584 29583 29603 I ActivityThread: TrafficStats init done
10-04 17:19:30.596 29583 29603 I ActivityThread: Miui Feature Init done
10-04 17:19:30.625 29583 29628 I MCAM_PerformanceManager: [P_PERFORM]: check result: mIsOriginApp = true
10-04 17:19:30.632 29583 29631 D CameraInjector: waitForResult: 
10-04 17:19:30.639 29583 29631 D CameraInjector: waitForResult: 
10-04 17:19:30.639 29583 29631 D CameraInjector: waitForResult: 
10-04 17:19:30.639 29583 29631 D CameraInjector: waitForResult: 
10-04 17:19:30.639 29583 29631 D CameraInjector: waitForResult: 
10-04 17:19:31.132 29583 29672 W XMPush-29583: [Tid:52545] (Local) begin execute onCommandResult, command=register, resultCode=0, reason=null
10-04 17:19:31.132 29583 29672 I MiPushMessageReceiver: onCommandResult: register
10-04 17:19:31.132 29583 29672 I MiPushMessageReceiver: onCommandResult, mRegId:P760CW6i1hFyoGXjrrjc072Lf3IRmyfOPiKB0c34t/WRz4hHr3uWg5PXV0WcQ2tG
10-04 17:19:31.132 29583 29672 I MiPushMessageReceiver: onReceiveRegisterResult: register
10-04 17:19:31.132 29583 29672 I MiPushMessageReceiver: onReceiveRegisterResult, mRegId: P760CW6i1hFyoGXjrrjc072Lf3IRmyfOPiKB0c34t/WRz4hHr3uWg5PXV0WcQ2tG
10-04 17:19:31.134 29583 29672 W XMPush-29583: [Tid:52545] (Local) begin execute onCommandResult, command=subscribe-topic, resultCode=0, reason=null
10-04 17:19:31.134 29583 29672 I MiPushMessageReceiver: onCommandResult: subscribe-topic
10-04 17:19:31.134 29583 29672 I MiPushMessageReceiver: onCommandResult, mTopic:topic_cloud_config_message
10-04 17:19:31.525  2448  6586 D MiuiFreeFormGestureController: deliverResultForFinishActivity resultTo: null resultFrom: ActivityRecord{b02a408 u0 com.mira.com/.whisper.WhisperStep2Activity t773 f}} isInVideoOrGameScene: false intent: Intent { flg=0x10000000 cmp=com.mira.com/.whisper.WhisperStep2Activity }
10-04 17:19:31.534  2448  6586 D WindowManager: Set transition=TransitionRecord{640d4d0 id=2872 type=CLOSE flags=0x0}, ready=true, SyncId=2872 info=used=true, override=false, defer=0, states=Display{#0 state=ON size=2136x3200 ROTATION_0}:true reason=com.android.server.wm.Transition.setReady:1166 com.android.server.wm.TransitionController.setReady:1089 com.android.server.wm.TransitionController.setReady:1094 com.android.server.wm.DisplayContent.executeAppTransition:6377 com.android.server.wm.RootWindowContainer.executeAppTransitionForAllDisplay:2698 com.android.server.wm.ActivityTaskSupervisor.reportResumedActivityLocked:2253 com.android.server.wm.ActivityRecord.completeResumeLocked:7788 com.android.server.wm.TaskFragment.resumeTopActivity:1894 
10-04 17:19:31.676 29681 29703 I ActivityThread: TrafficStats init done
10-04 17:19:31.682 29681 29703 I ActivityThread: Miui Feature Init done
10-04 17:19:31.688 29681 29716 W XMPush-29681: [Tid:52506] (Local) begin execute onCommandResult, command=register, resultCode=0, reason=null
10-04 17:19:31.689 29681 29716 W XMPush-29681: [Tid:52506] (Local) begin execute onCommandResult, command=subscribe-topic, resultCode=0, reason=null
10-04 17:19:32.486  2448  3859 D WifiNl80211Manager: Scan result ready event
10-04 17:19:32.486  2448  3859 D WifiNative: Scan result ready event
10-04 17:19:32.492  2448  3106 D WificondScannerImpl: Filtering out 1 scan results.
10-04 17:19:32.494  3601  3601 D HighSpeedTrainModeController: receive actionandroid.net.wifi.SCAN_RESULTS
10-04 17:19:32.495  5377  5377 I WifiMonitor: receive Broadcast SCAN_RESULTS_AVAILABLE_ACTION,updated:true
10-04 17:19:32.500  2448  3342 E AppScanObserverService: Result available, null observers for user: 0
10-04 17:19:32.993  2448  2699 I SmartPower: com.xiaomi.metoknlp/10143(5351): idle->background(17892ms) R(broadcast start Intent { act=android.net.wifi.SCAN_RESULTS flg=0x4000010 (has extras) }) adj=200.
10-04 17:19:32.994  5351  5351 I WifiMonitor: receive Broadcast SCAN_RESULTS_AVAILABLE_ACTION,updated:true
10-04 17:19:32.995  2448  2699 W BroadcastQueue: Greezer Denial: sending Intent { act=android.net.wifi.SCAN_RESULTS flg=0x4000010 (has extras) }, action: android.net.wifi.SCAN_RESULTS from android (uid=1000) due to receiver ProcessRecord{27b913e 31919:com.tencent.mm/u0a262} (uid 10262) need cached broadcast
10-04 17:19:32.995  2448  2699 W BroadcastQueue: Greezer Denial: sending Intent { act=android.net.wifi.SCAN_RESULTS flg=0x4000010 (has extras) }, action: android.net.wifi.SCAN_RESULTS from android (uid=1000) due to receiver ProcessRecord{27b913e 31919:com.tencent.mm/u0a262} (uid 10262) need cached broadcast
10-04 17:19:32.995  2448  2699 W BroadcastQueue: Greezer Denial: sending Intent { act=android.net.wifi.SCAN_RESULTS flg=0x4000010 (has extras) }, action: android.net.wifi.SCAN_RESULTS from android (uid=1000) due to receiver ProcessRecord{22b3ed 32713:com.tencent.mm:push/u0a262} (uid 10262) need cached broadcast
10-04 17:19:33.003  6645 32419 I AIRC_PerceptionEventBus: event=WifiScanEvent,traceId=3fc487a137bb420980397bd144292ea6 send result=true
10-04 17:19:33.016  6645 32444 I AIRC_[Geek]_GeekResultHandler: handleGeekEvent event=112, geekSwitch=true
10-04 17:19:33.016  6645 32444 I AIRC_[Geek]_GeekResultHandler: actualHandleGeekEvent not handle event=112
10-04 17:19:35.995  2448  3279 I SmartPower: com.xiaomi.metoknlp/10143(5351): background->idle(3001ms) R(broadcast start Intent { act=android.net.wifi.SCAN_RESULTS flg=0x4000010 (has extras) }) adj=200.
10-04 17:19:39.602  2448  3275 I whetstone.activity: processNotifyEvent1 resId = 128, bundle = Bundle[{startTime=2852767781, sourcePkg=com.google.android.gms, type=ELAPSED, statsTag=*alarm*:com.google.android.gms.auth.authzen.cryptauth.DEVICE_STATE_CHECK_DELAY_COMPLETE, creatorUid=10111, elapsedRealtime=2852767771}]
10-04 17:19:39.703 29768 29787 I ActivityThread: TrafficStats init done
10-04 17:19:39.734 29768 29787 I ActivityThread: Miui Feature Init done
10-04 17:19:49.008 29835 29863 I ActivityThread: TrafficStats init done
10-04 17:19:49.030 29835 29863 I ActivityThread: Miui Feature Init done
10-04 17:19:49.061 29835 29894 I MCAM_PerformanceManager: [P_PERFORM]: check result: mIsOriginApp = true
10-04 17:19:49.063 29835 29895 D CameraInjector: waitForResult: 
10-04 17:19:49.074 29835 29895 D CameraInjector: waitForResult: 
10-04 17:19:49.074 29835 29895 D CameraInjector: waitForResult: 
10-04 17:19:49.074 29835 29895 D CameraInjector: waitForResult: 
10-04 17:19:49.074 29835 29895 D CameraInjector: waitForResult: 
10-04 17:19:49.577 29835 29939 W XMPush-29835: [Tid:52560] (Local) begin execute onCommandResult, command=register, resultCode=0, reason=null
10-04 17:19:49.577 29835 29939 I MiPushMessageReceiver: onCommandResult: register
10-04 17:19:49.577 29835 29939 I MiPushMessageReceiver: onCommandResult, mRegId:P760CW6i1hFyoGXjrrjc072Lf3IRmyfOPiKB0c34t/WRz4hHr3uWg5PXV0WcQ2tG
10-04 17:19:49.577 29835 29939 I MiPushMessageReceiver: onReceiveRegisterResult: register
10-04 17:19:49.577 29835 29939 I MiPushMessageReceiver: onReceiveRegisterResult, mRegId: P760CW6i1hFyoGXjrrjc072Lf3IRmyfOPiKB0c34t/WRz4hHr3uWg5PXV0WcQ2tG
10-04 17:19:49.580 29835 29939 W XMPush-29835: [Tid:52560] (Local) begin execute onCommandResult, command=subscribe-topic, resultCode=0, reason=null
10-04 17:19:49.580 29835 29939 I MiPushMessageReceiver: onCommandResult: subscribe-topic
10-04 17:19:49.581 29835 29939 I MiPushMessageReceiver: onCommandResult, mTopic:topic_cloud_config_message
10-04 17:19:50.151 29944 29963 I ActivityThread: TrafficStats init done
10-04 17:19:50.168 29944 29963 I ActivityThread: Miui Feature Init done
10-04 17:19:50.185 29944 29977 W XMPush-29944: [Tid:52521] (Local) begin execute onCommandResult, command=register, resultCode=0, reason=null
10-04 17:19:50.192 29944 29977 W XMPush-29944: [Tid:52521] (Local) begin execute onCommandResult, command=subscribe-topic, resultCode=0, reason=null
10-04 17:19:57.669  2448  3267 D HyperStabilitySdkService: checkDmabufStatus done, exceedLimitsList:[], totalDmabufSize:0
10-04 17:20:07.343 30403 30528 I AppScanStats: BLE_SCAN_RESULT_RECEIVED[2]reportBleScanResults=0
10-04 17:20:13.567  2448  6586 D WifiNl80211Manager: Scan result ready event
10-04 17:20:13.567  2448  6586 D WifiNative: Scan result ready event
10-04 17:20:13.584  3601  3601 D HighSpeedTrainModeController: receive actionandroid.net.wifi.SCAN_RESULTS
10-04 17:20:13.585  5377  5377 I WifiMonitor: receive Broadcast SCAN_RESULTS_AVAILABLE_ACTION,updated:true
10-04 17:20:13.594  2448  3342 E AppScanObserverService: Result available, null observers for user: 0
10-04 17:20:14.081  2448  2699 I SmartPower: com.xiaomi.metoknlp/10143(5351): idle->background(38087ms) R(broadcast start Intent { act=android.net.wifi.SCAN_RESULTS flg=0x4000010 (has extras) }) adj=200.
10-04 17:20:14.083  2448  2699 W BroadcastQueue: SmartPower Denial: receiving Intent { act=android.net.wifi.SCAN_RESULTS flg=0x4000010 (has extras) } ordered=false from android (uid 1000) to ProcessRecord{27b913e 31919:com.tencent.mm/u0a262}
10-04 17:20:14.083  2448  2699 W BroadcastQueue: SmartPower Denial: receiving Intent { act=android.net.wifi.SCAN_RESULTS flg=0x4000010 (has extras) } ordered=false from android (uid 1000) to ProcessRecord{27b913e 31919:com.tencent.mm/u0a262}
10-04 17:20:14.083  5351  5351 I WifiMonitor: receive Broadcast SCAN_RESULTS_AVAILABLE_ACTION,updated:true
10-04 17:20:14.092  6645 32419 I AIRC_PerceptionEventBus: event=WifiScanEvent,traceId=b58235af155045088518136659643f60 send result=true
10-04 17:20:14.108  6645 32444 I AIRC_[Geek]_GeekResultHandler: handleGeekEvent event=112, geekSwitch=true
10-04 17:20:14.108  6645 32444 I AIRC_[Geek]_GeekResultHandler: actualHandleGeekEvent not handle event=112
10-04 17:20:16.776 17204 17204 I AndroidRuntime: VM exiting with result code 0, cleanup skipped.
10-04 17:20:16.797 28044 29009 D MyLog   : -->log(1): [Tid:44168] [OneTrackWrapper] -->trackXmsEvent(): Sampling result is true, sampleEvent=31000000946|xms|xms_service_interface_method_call|error
10-04 17:20:16.810  1154  1154 I TEEC    : invoke, command=0x00000020, result=0x00000000, oresult=0x00000004, res=0x00000000
10-04 17:20:16.855  5041  5041 D MiSpeedUtils: Calling service to removeAuthorizedUid: 10298 and result: 0
10-04 17:20:16.860  1382 30021 W X_VPU   : [VPU ][DAEMON][vsi_dec_msg_done:439] Inst[2ece00000001]: streamoff capture done
10-04 17:20:16.870  2448  3859 I JpegXDecoder: [mId: 858] skia-debug resultNotify: width:2136 ,height:3200, outWStride:8576, outHStride:3200 ,fd:1060 ,offset:0 ,size:27443200 ,bytesUsed:27443200 ,format:RGBA8888 ,colorSpace:COLORSPACE_REC601
10-04 17:20:16.870  5890  7058 I AppPredictResultHelper: updatePreferenceStore: size = 23
10-04 17:20:16.877  3374  3858 D MiuiMultiWindowUtils: readFreeformTimestamps::result = {com.tencent.mm=[1754042673295, 1754134799171]}
10-04 17:20:16.889  1382 30021 W X_VPU   : [VPU ][DAEMON][vsi_dec_msg_done:439] Inst[2ece00000001]: streamoff capture done
10-04 17:20:16.918  2448  2700 W ActivityManager: Slow operation: 53ms so far, now at startProcess: done updating battery stats
10-04 17:20:16.926  2448  2700 W ActivityManager: Slow operation: 62ms so far, now at startProcess: done updating pids map
10-04 17:20:16.929  4496  4496 E TEEC    : invoke, command=0x00001006, result=0xFFFFFC0B, oresult=0x00000004, res=0xFFFFFC0B
10-04 17:20:16.931  4496  4496 E SoterImpl: [remove_all_uid_key] result: fffffc0b
10-04 17:20:16.933  5223  5223 E SoterService: soterService removeAllUidKey result is:-1
10-04 17:20:16.989  2448  2700 W ActivityManager: Slow operation: 73ms so far, now at startProcess: done updating pids map
10-04 17:20:17.009  2448  2700 W ActivityManager: Slow operation: 77ms so far, now at startProcess: done updating battery stats
10-04 17:20:17.010  2448  2700 W ActivityManager: Slow operation: 79ms so far, now at startProcess: done updating pids map
10-04 17:20:17.036 30043 30070 I ActivityThread: TrafficStats init done
10-04 17:20:17.055 30043 30070 I ActivityThread: Miui Feature Init done
10-04 17:20:17.063 30069 30097 I ActivityThread: TrafficStats init done
10-04 17:20:17.068 30023 30094 I ActivityThread: TrafficStats init done
10-04 17:20:17.071 30069 30097 I ActivityThread: Miui Feature Init done
10-04 17:20:17.077 30023 30094 I ActivityThread: Miui Feature Init done
10-04 17:20:17.081  2448  3279 I SmartPower: com.xiaomi.metoknlp/10143(5351): background->idle(3000ms) R(broadcast start Intent { act=android.net.wifi.SCAN_RESULTS flg=0x4000010 (has extras) }) adj=200.
10-04 17:20:17.086  3374  3858 D MiuiMultiWindowUtils: getFreeformSuggestionList end result size:[com.google.android.documentsui, com.miui.gallery, com.tencent.mm, com.android.fileexplorer, com.qiyi.video.pad, com.android.email, com.ss.android.ugc.aweme, com.mipay.wallet, com.luna.music, com.miui.phrase, com.xiaomi.vipaccount, com.microsoft.emmx, com.ximalaya.ting.android, com.tmri.app.main, com.github.metacubex.clash.meta, com.microsoft.office.outlook, com.autonavi.minimap, com.miui.calculator, com.android.contacts, com.microsoft.bing, com.android.deskclock, com.tencent.docs, com.tencent.lolm, com.duokan.reader, com.xingin.xhs, com.UCMobile, com.tencent.mtt, com.eg.android.AlipayGphone, cn.wps.moffice_eng.xiaomi.lite, com.miui.notes, com.miui.miservice, com.xiaomi.shop, com.xiaomi.gamecenter, com.tencent.wemeet.app, com.android.browser, com.apple.android.music, com.akd.luxurycars, com.tencent.hunyuan.app.chat, com.miui.weather2, com.xiaomi.smarthome, net.huanci.hsjpro, cn.wps.moffice_eng, com.maxframing.mipad, com.tencent.wetype, com.android.providers.downloads.ui, ctrip.android.view, com.miui.bugreport, com.ss.android.lark, com.android.calendar, com.deepseek.chat, com.baidu.netdisk, com.hpbr.bosszhipin, com.larus.nova, com.android.soundrecorder, com.miui.creation]
10-04 17:20:17.092 30043 30043 D DocumentsApplication: OverlayManager.setEnabled() result: true
10-04 17:20:17.158 30141 30164 I ActivityThread: TrafficStats init done
10-04 17:20:17.168 30141 30164 I ActivityThread: Miui Feature Init done
10-04 17:20:17.183 30141 30179 I Log     : Logger init completed!
10-04 17:20:17.192 30141 30197 W XMPush-30141: [Tid:52558] (Local) begin execute onCommandResult, command=register, resultCode=0, reason=null
10-04 17:20:17.267 30211 30232 I ActivityThread: TrafficStats init done
10-04 17:20:17.283 30211 30232 I ActivityThread: Miui Feature Init done
10-04 17:20:17.352 28044 28142 D MyLog   : -->log(1): [Tid:44152] [ActivationDAO_ac] -->deleteRecord(): result=true, packageName=com.mira.com
10-04 17:20:17.385 30244 30269 I ActivityThread: TrafficStats init done
10-04 17:20:17.398 30244 30269 I ActivityThread: Miui Feature Init done
10-04 17:20:17.417 30271 30303 I ActivityThread: TrafficStats init done
10-04 17:20:17.426 30271 30303 I ActivityThread: Miui Feature Init done
10-04 17:20:17.428  3374  3374 D Dock_AnimationRunner: {269656611} onComplete
10-04 17:20:17.503 30331 30358 I ActivityThread: TrafficStats init done
10-04 17:20:17.511 30331 30358 I ActivityThread: Miui Feature Init done
10-04 17:20:17.639 30271 30351 I Icing   : Internal init done: storage state 0
10-04 17:20:17.641 30271 30351 I Icing   : Post-init done
10-04 17:20:17.665 30271 30351 I Icing   : Indexing done com.google.android.gms-apps
10-04 17:20:17.714 30506 30538 I ActivityThread: TrafficStats init done
10-04 17:20:17.723 30506 30538 I ActivityThread: Miui Feature Init done
10-04 17:20:17.897  2448  4026 E AppOps  : 	at com.android.server.wm.ActivityRecord.handleCompleteDeferredRemoval(ActivityRecord.java:5406)
10-04 17:20:17.897  2448  4026 E AppOps  : 	at com.android.server.wm.WindowContainer.handleCompleteDeferredRemoval(WindowContainer.java:1600)
10-04 17:20:17.897  2448  4026 E AppOps  : 	at com.android.server.wm.TaskFragment.handleCompleteDeferredRemoval(TaskFragment.java:3389)
10-04 17:20:17.897  2448  4026 E AppOps  : 	at com.android.server.wm.WindowContainer.handleCompleteDeferredRemoval(WindowContainer.java:1600)
10-04 17:20:17.897  2448  4026 E AppOps  : 	at com.android.server.wm.WindowContainer.handleCompleteDeferredRemoval(WindowContainer.java:1600)
10-04 17:20:17.897  2448  4026 E AppOps  : 	at com.android.server.wm.WindowContainer.handleCompleteDeferredRemoval(WindowContainer.java:1600)
10-04 17:20:17.897  2448  4026 E AppOps  : 	at com.android.server.wm.WindowContainer.handleCompleteDeferredRemoval(WindowContainer.java:1600)
10-04 17:20:17.897  2448  4026 E AppOps  : 	at com.android.server.wm.WindowContainer.handleCompleteDeferredRemoval(WindowContainer.java:1600)
10-04 17:20:17.897  2448  4026 E AppOps  : 	at com.android.server.wm.WindowContainer.handleCompleteDeferredRemoval(WindowContainer.java:1600)
10-04 17:20:17.897  2448  4026 E AppOps  : 	at com.android.server.wm.DisplayContent.handleCompleteDeferredRemoval(DisplayContent.java:3907)
10-04 17:20:17.900  2448  4026 E AppOps  : 	at com.android.server.wm.ActivityRecord.handleCompleteDeferredRemoval(ActivityRecord.java:5406)
10-04 17:20:17.900  2448  4026 E AppOps  : 	at com.android.server.wm.WindowContainer.handleCompleteDeferredRemoval(WindowContainer.java:1600)
10-04 17:20:17.900  2448  4026 E AppOps  : 	at com.android.server.wm.TaskFragment.handleCompleteDeferredRemoval(TaskFragment.java:3389)
10-04 17:20:17.900  2448  4026 E AppOps  : 	at com.android.server.wm.WindowContainer.handleCompleteDeferredRemoval(WindowContainer.java:1600)
10-04 17:20:17.900  2448  4026 E AppOps  : 	at com.android.server.wm.WindowContainer.handleCompleteDeferredRemoval(WindowContainer.java:1600)
10-04 17:20:17.900  2448  4026 E AppOps  : 	at com.android.server.wm.WindowContainer.handleCompleteDeferredRemoval(WindowContainer.java:1600)
10-04 17:20:17.900  2448  4026 E AppOps  : 	at com.android.server.wm.WindowContainer.handleCompleteDeferredRemoval(WindowContainer.java:1600)
10-04 17:20:17.900  2448  4026 E AppOps  : 	at com.android.server.wm.WindowContainer.handleCompleteDeferredRemoval(WindowContainer.java:1600)
10-04 17:20:17.900  2448  4026 E AppOps  : 	at com.android.server.wm.WindowContainer.handleCompleteDeferredRemoval(WindowContainer.java:1600)
10-04 17:20:17.900  2448  4026 E AppOps  : 	at com.android.server.wm.DisplayContent.handleCompleteDeferredRemoval(DisplayContent.java:3907)
10-04 17:20:17.906  3374 26181 I MiuiPadHome_WindowElementdba9b8b: onFinishCompleted mDisableStateManagerListener = false
10-04 17:20:17.906  3374  3374 D HomeLayerElement: 	at com.miui.home.recents.anim.WindowElement.onFinishCompleted$lambda-30(WindowElement.kt:1738)
10-04 17:20:17.917  1473  2276 E BpTransactionCompletedListener: Failed to transact (-32)
10-04 17:20:17.935 30244 30244 I DMS_Log : Logger init completed!
10-04 17:20:17.947  2448  2987 I JpegXEncoder: [mId: 68] skia-debug Enter JpegXEncoder::funcNotify The func Id is INITENC, the result is OK.
10-04 17:20:17.955  2448  4026 I JpegXEncoder: [mId: 68] skia-debug Enter JpegXEncoder::funcNotify The func Id is ENCODE, the result is OK.
10-04 17:20:17.955  2448  4026 I JpegXEncoder: [mId: 68] skia-debug resultNotify.
10-04 17:20:17.955  2448  3347 I JpegXEncoder: [mId: 68] skia-debug Success to get the encode completed msg from hal, going to write data to Dst.
10-04 17:20:17.955  2448  3347 I JpegXEncoder: [mId: 68] skia-debug Encode completed with result = 1.
10-04 17:20:17.956  1382 30571 W X_VPU   : [VPU ][DAEMON][vsi_enc_msg_done:437] Inst[2ecf00000001] streamoff output done
10-04 17:20:17.956  1382 30571 W X_VPU   : [VPU ][DAEMON][vsi_enc_msg_done:434] Inst[2ecf00000001] streamoff capture done
10-04 17:20:17.971  2448  2987 I JpegXEncoder: [mId: 69] skia-debug Enter JpegXEncoder::funcNotify The func Id is INITENC, the result is OK.
10-04 17:20:17.974  2448  2987 I JpegXEncoder: [mId: 69] skia-debug Enter JpegXEncoder::funcNotify The func Id is ENCODE, the result is OK.
10-04 17:20:17.974  2448  2987 I JpegXEncoder: [mId: 69] skia-debug resultNotify.
10-04 17:20:17.974  2448  3347 I JpegXEncoder: [mId: 69] skia-debug Success to get the encode completed msg from hal, going to write data to Dst.
10-04 17:20:17.974  2448  3347 I JpegXEncoder: [mId: 69] skia-debug Encode completed with result = 1.
10-04 17:20:17.975  1382 30582 W X_VPU   : [VPU ][DAEMON][vsi_enc_msg_done:437] Inst[2ed000000001] streamoff output done
10-04 17:20:17.975  1382 30582 W X_VPU   : [VPU ][DAEMON][vsi_enc_msg_done:434] Inst[2ed000000001] streamoff capture done
10-04 17:20:18.440  3374  3374 D LaptopDock: onLayoutCompleted updateBackground postDelayed
10-04 17:20:19.241 30587 30612 I ActivityThread: TrafficStats init done
10-04 17:20:19.255 30587 30612 I ActivityThread: Miui Feature Init done
10-04 17:20:19.281 30587 30637 I MCAM_PerformanceManager: [P_PERFORM]: check result: mIsOriginApp = true
10-04 17:20:19.301 30587 30639 D CameraInjector: waitForResult: 
10-04 17:20:19.304 30587 30639 D CameraInjector: waitForResult: 
10-04 17:20:19.304 30587 30639 D CameraInjector: waitForResult: 
10-04 17:20:19.304 30587 30639 D CameraInjector: waitForResult: 
10-04 17:20:19.304 30587 30639 D CameraInjector: waitForResult: 
10-04 17:20:19.803  5890  6466 I AppPredictResultHelper: updatePreferenceStore: size = 23
10-04 17:20:19.806 30587 30681 W XMPush-30587: [Tid:52616] (Local) begin execute onCommandResult, command=register, resultCode=0, reason=null
10-04 17:20:19.806 30587 30681 I MiPushMessageReceiver: onCommandResult: register
10-04 17:20:19.806 30587 30681 I MiPushMessageReceiver: onCommandResult, mRegId:P760CW6i1hFyoGXjrrjc072Lf3IRmyfOPiKB0c34t/WRz4hHr3uWg5PXV0WcQ2tG
10-04 17:20:19.806 30587 30681 I MiPushMessageReceiver: onReceiveRegisterResult: register
10-04 17:20:19.806 30587 30681 I MiPushMessageReceiver: onReceiveRegisterResult, mRegId: P760CW6i1hFyoGXjrrjc072Lf3IRmyfOPiKB0c34t/WRz4hHr3uWg5PXV0WcQ2tG
10-04 17:20:19.812 30587 30681 W XMPush-30587: [Tid:52616] (Local) begin execute onCommandResult, command=subscribe-topic, resultCode=0, reason=null
10-04 17:20:19.812 30587 30681 I MiPushMessageReceiver: onCommandResult: subscribe-topic
10-04 17:20:19.812 30587 30681 I MiPushMessageReceiver: onCommandResult, mTopic:topic_cloud_config_message
10-04 17:20:20.382 30690 30711 I ActivityThread: TrafficStats init done
10-04 17:20:20.408 30690 30711 I ActivityThread: Miui Feature Init done
10-04 17:20:20.428 30690 30724 W XMPush-30690: [Tid:52576] (Local) begin execute onCommandResult, command=register, resultCode=0, reason=null
10-04 17:20:20.433 30690 30724 W XMPush-30690: [Tid:52576] (Local) begin execute onCommandResult, command=subscribe-topic, resultCode=0, reason=null
10-04 17:20:27.440 30403 30528 I AppScanStats: BLE_SCAN_RESULT_RECEIVED[2]reportBleScanResults=0
10-04 17:20:28.268  2448  2975 I ActivityTaskManager: START u0 {act=android.intent.action.VIEW flg=0x18000000 cmp=com.miui.securitycenter/com.miui.permcenter.install.AdbInstallActivity (has extras)} with LAUNCH_MULTIPLE from uid 1000 from pid 2448 callingPackage pm callers: com.android.server.wm.ActivityTaskManagerService.startActivity:1454 com.android.server.am.ActivityManagerService.startActivity:3575 com.android.server.pm.PmInjector.installVerify:65 com.android.server.pm.PackageManagerServiceImpl.verifyInstallFromShell:1335  (BAL_ALLOW_VISIBLE_WINDOW) result code=0
10-04 17:20:28.312 17338 30755 I ActivityThread: TrafficStats init done
10-04 17:20:28.324 17338 30755 I ActivityThread: Miui Feature Init done
10-04 17:20:28.330  2448  6586 D WindowManager: Set transition=TransitionRecord{e3ea4cd id=2874 type=OPEN flags=0x0}, ready=true, SyncId=2874 info=used=true, override=false, defer=0, states=Display{#0 state=ON size=2136x3200 ROTATION_0}:true reason=com.android.server.wm.Transition.setReady:1166 com.android.server.wm.TransitionController.setReady:1089 com.android.server.wm.TransitionController.setReady:1094 com.android.server.wm.DisplayContent.executeAppTransition:6377 com.android.server.wm.RootWindowContainer.executeAppTransitionForAllDisplay:2698 com.android.server.wm.ActivityTaskSupervisor.reportResumedActivityLocked:2253 com.android.server.wm.ActivityRecord.completeResumeLocked:7788 com.android.server.wm.ActivityTaskSupervisor.realStartActivityLocked:1056 
10-04 17:20:28.400 28044 29009 D MyLog   : -->log(1): [Tid:44168] [OneTrackWrapper] -->trackXmsEvent(): Sampling result is true, sampleEvent=31000000946|xms|xms_service_interface_method_call|error
10-04 17:20:28.900  3374  3374 D LaptopDock: onLayoutCompleted updateBackground postDelayed
10-04 17:20:34.388  2448  3092 D WifiConfigStore: Writing to stores completed in 4 ms.
10-04 17:20:34.889 30847 30866 I ActivityThread: TrafficStats init done
10-04 17:20:34.907 30847 30866 I ActivityThread: Miui Feature Init done
10-04 17:20:34.932 30847 30892 I MCAM_PerformanceManager: [P_PERFORM]: check result: mIsOriginApp = true
10-04 17:20:34.940 30847 30894 D CameraInjector: waitForResult: 
10-04 17:20:34.944 30847 30894 D CameraInjector: waitForResult: 
10-04 17:20:34.944 30847 30894 D CameraInjector: waitForResult: 
10-04 17:20:34.944 30847 30894 D CameraInjector: waitForResult: 
10-04 17:20:34.944 30847 30894 D CameraInjector: waitForResult: 
10-04 17:20:35.478 30847 30928 W XMPush-30847: [Tid:52629] (Local) begin execute onCommandResult, command=register, resultCode=0, reason=null
10-04 17:20:35.478 30847 30928 I MiPushMessageReceiver: onCommandResult: register
10-04 17:20:35.478 30847 30928 I MiPushMessageReceiver: onCommandResult, mRegId:P760CW6i1hFyoGXjrrjc072Lf3IRmyfOPiKB0c34t/WRz4hHr3uWg5PXV0WcQ2tG
10-04 17:20:35.478 30847 30928 I MiPushMessageReceiver: onReceiveRegisterResult: register
10-04 17:20:35.478 30847 30928 I MiPushMessageReceiver: onReceiveRegisterResult, mRegId: P760CW6i1hFyoGXjrrjc072Lf3IRmyfOPiKB0c34t/WRz4hHr3uWg5PXV0WcQ2tG
10-04 17:20:35.484 30847 30928 W XMPush-30847: [Tid:52629] (Local) begin execute onCommandResult, command=subscribe-topic, resultCode=0, reason=null
10-04 17:20:35.484 30847 30928 I MiPushMessageReceiver: onCommandResult: subscribe-topic
10-04 17:20:35.484 30847 30928 I MiPushMessageReceiver: onCommandResult, mTopic:topic_cloud_config_message
10-04 17:20:36.070 30930 30949 I ActivityThread: TrafficStats init done
10-04 17:20:36.095 30930 30949 I ActivityThread: Miui Feature Init done
10-04 17:20:36.128 30930 30963 W XMPush-30930: [Tid:52591] (Local) begin execute onCommandResult, command=register, resultCode=0, reason=null
10-04 17:20:36.130 30930 30963 W XMPush-30930: [Tid:52591] (Local) begin execute onCommandResult, command=subscribe-topic, resultCode=0, reason=null
10-04 17:20:40.011  2448  6292 D MiuiFreeFormGestureController: deliverResultForFinishActivity resultTo: null resultFrom: ActivityRecord{a70d182 u0 com.miui.securitycenter/com.miui.permcenter.install.AdbInstallActivity t774 f}} isInVideoOrGameScene: false intent: Intent { act=android.intent.action.VIEW flg=0x18800000 cmp=com.miui.securitycenter/com.miui.permcenter.install.AdbInstallActivity (has extras) }
10-04 17:20:40.034  2448  6292 D WindowManager: Set transition=TransitionRecord{b042526 id=2875 type=CLOSE flags=0x0}, ready=true, SyncId=2875 info=used=true, override=false, defer=0, states=Display{#0 state=ON size=2136x3200 ROTATION_0}:true reason=com.android.server.wm.Transition.setReady:1166 com.android.server.wm.TransitionController.setReady:1089 com.android.server.wm.TransitionController.setReady:1094 com.android.server.wm.DisplayContent.executeAppTransition:6377 com.android.server.wm.RootWindowContainer.executeAppTransitionForAllDisplay:2698 com.android.server.wm.ActivityTaskSupervisor.reportResumedActivityLocked:2253 com.android.server.wm.ActivityRecord.completeResumeLocked:7788 com.android.server.wm.TaskFragment.resumeTopActivity:1894 
10-04 17:20:40.059 28044 29009 D MyLog   : -->log(1): [Tid:44168] [OneTrackWrapper] -->trackXmsEvent(): Sampling result is true, sampleEvent=31000000946|xms|xms_service_interface_method_call|error
10-04 17:20:40.129  2448  3787 I JpegXEncoder: [mId: 70] skia-debug Enter JpegXEncoder::funcNotify The func Id is INITENC, the result is OK.
10-04 17:20:40.134  2448  2507 I JpegXEncoder: [mId: 70] skia-debug Enter JpegXEncoder::funcNotify The func Id is ENCODE, the result is OK.
10-04 17:20:40.134  2448  2507 I JpegXEncoder: [mId: 70] skia-debug resultNotify.
10-04 17:20:40.134  2448  3347 I JpegXEncoder: [mId: 70] skia-debug Success to get the encode completed msg from hal, going to write data to Dst.
10-04 17:20:40.135  2448  3347 I JpegXEncoder: [mId: 70] skia-debug Encode completed with result = 1.
10-04 17:20:40.135  1382 30982 W X_VPU   : [VPU ][DAEMON][vsi_enc_msg_done:437] Inst[2ed100000001] streamoff output done
10-04 17:20:40.135  1382 30982 W X_VPU   : [VPU ][DAEMON][vsi_enc_msg_done:434] Inst[2ed100000001] streamoff capture done
10-04 17:20:40.146  2448  2507 I JpegXEncoder: [mId: 71] skia-debug Enter JpegXEncoder::funcNotify The func Id is INITENC, the result is OK.
10-04 17:20:40.148  2448  2507 I JpegXEncoder: [mId: 71] skia-debug Enter JpegXEncoder::funcNotify The func Id is ENCODE, the result is OK.
10-04 17:20:40.148  2448  2507 I JpegXEncoder: [mId: 71] skia-debug resultNotify.
10-04 17:20:40.148  2448  3347 I JpegXEncoder: [mId: 71] skia-debug Success to get the encode completed msg from hal, going to write data to Dst.
10-04 17:20:40.148  2448  3347 I JpegXEncoder: [mId: 71] skia-debug Encode completed with result = 1.
10-04 17:20:40.148  1382 30986 W X_VPU   : [VPU ][DAEMON][vsi_enc_msg_done:437] Inst[2ed200000001] streamoff output done
10-04 17:20:40.148  1382 30986 W X_VPU   : [VPU ][DAEMON][vsi_enc_msg_done:434] Inst[2ed200000001] streamoff capture done
10-04 17:20:40.680  3374  3374 D LaptopDock: onLayoutCompleted updateBackground postDelayed
10-04 17:20:42.225 30989 31009 I ActivityThread: TrafficStats init done
10-04 17:20:42.247 30989 31009 I ActivityThread: Miui Feature Init done
10-04 17:20:42.277 30989 31034 I MCAM_PerformanceManager: [P_PERFORM]: check result: mIsOriginApp = true
10-04 17:20:42.287 30989 31037 D CameraInjector: waitForResult: 
10-04 17:20:42.296 30989 31037 D CameraInjector: waitForResult: 
10-04 17:20:42.296 30989 31037 D CameraInjector: waitForResult: 
10-04 17:20:42.296 30989 31037 D CameraInjector: waitForResult: 
10-04 17:20:42.296 30989 31037 D CameraInjector: waitForResult: 
10-04 17:20:42.799 30989 31070 W XMPush-30989: [Tid:52639] (Local) begin execute onCommandResult, command=register, resultCode=0, reason=null
10-04 17:20:42.799 30989 31070 I MiPushMessageReceiver: onCommandResult: register
10-04 17:20:42.799 30989 31070 I MiPushMessageReceiver: onCommandResult, mRegId:P760CW6i1hFyoGXjrrjc072Lf3IRmyfOPiKB0c34t/WRz4hHr3uWg5PXV0WcQ2tG
10-04 17:20:42.799 30989 31070 I MiPushMessageReceiver: onReceiveRegisterResult: register
10-04 17:20:42.799 30989 31070 I MiPushMessageReceiver: onReceiveRegisterResult, mRegId: P760CW6i1hFyoGXjrrjc072Lf3IRmyfOPiKB0c34t/WRz4hHr3uWg5PXV0WcQ2tG
10-04 17:20:42.803 30989 31070 W XMPush-30989: [Tid:52639] (Local) begin execute onCommandResult, command=subscribe-topic, resultCode=0, reason=null
10-04 17:20:42.803 30989 31070 I MiPushMessageReceiver: onCommandResult: subscribe-topic
10-04 17:20:42.803 30989 31070 I MiPushMessageReceiver: onCommandResult, mTopic:topic_cloud_config_message
10-04 17:20:43.066  5890  7058 I AppPredictResultHelper: updatePreferenceStore: size = 23
10-04 17:20:43.448 31076 31096 I ActivityThread: TrafficStats init done
10-04 17:20:43.479 31076 31096 I ActivityThread: Miui Feature Init done
10-04 17:20:43.515 31076 31110 W XMPush-31076: [Tid:52602] (Local) begin execute onCommandResult, command=register, resultCode=0, reason=null
10-04 17:20:43.526 31076 31110 W XMPush-31076: [Tid:52602] (Local) begin execute onCommandResult, command=subscribe-topic, resultCode=0, reason=null
10-04 17:20:57.685  2448  3267 D HyperStabilitySdkService: checkDmabufStatus done, exceedLimitsList:[], totalDmabufSize:0
10-04 17:21:03.122  2448  2975 I ActivityTaskManager: START u0 {act=android.intent.action.VIEW flg=0x18000000 cmp=com.miui.securitycenter/com.miui.permcenter.install.AdbInstallActivity (has extras)} with LAUNCH_MULTIPLE from uid 1000 from pid 2448 callingPackage pm callers: com.android.server.wm.ActivityTaskManagerService.startActivity:1454 com.android.server.am.ActivityManagerService.startActivity:3575 com.android.server.pm.PmInjector.installVerify:65 com.android.server.pm.PackageManagerServiceImpl.verifyInstallFromShell:1335  (BAL_ALLOW_VISIBLE_WINDOW) result code=0
10-04 17:21:03.165 17339 31151 I ActivityThread: TrafficStats init done
10-04 17:21:03.174 17339 31151 I ActivityThread: Miui Feature Init done
10-04 17:21:03.182  2448  2986 D WindowManager: Set transition=TransitionRecord{3e5ac63 id=2876 type=OPEN flags=0x0}, ready=true, SyncId=2876 info=used=true, override=false, defer=0, states=Display{#0 state=ON size=2136x3200 ROTATION_0}:true reason=com.android.server.wm.Transition.setReady:1166 com.android.server.wm.TransitionController.setReady:1089 com.android.server.wm.TransitionController.setReady:1094 com.android.server.wm.DisplayContent.executeAppTransition:6377 com.android.server.wm.RootWindowContainer.executeAppTransitionForAllDisplay:2698 com.android.server.wm.ActivityTaskSupervisor.reportResumedActivityLocked:2253 com.android.server.wm.ActivityRecord.completeResumeLocked:7788 com.android.server.wm.ActivityTaskSupervisor.realStartActivityLocked:1056 
10-04 17:21:03.249 28044 29009 D MyLog   : -->log(1): [Tid:44168] [OneTrackWrapper] -->trackXmsEvent(): Sampling result is true, sampleEvent=31000000946|xms|xms_service_interface_method_call|error
10-04 17:21:03.821  3374  3374 D LaptopDock: onLayoutCompleted updateBackground postDelayed
10-04 17:21:05.668  2448  6733 D MiuiFreeFormGestureController: deliverResultForFinishActivity resultTo: null resultFrom: ActivityRecord{ae2c060 u0 com.miui.securitycenter/com.miui.permcenter.install.AdbInstallActivity t775 f}} isInVideoOrGameScene: false intent: Intent { act=android.intent.action.VIEW flg=0x18800000 cmp=com.miui.securitycenter/com.miui.permcenter.install.AdbInstallActivity (has extras) }
